C:\materija\ra223-2014\Galaga\battle_city_design\implementation\battle_city.ngc 1495627268
C:/materija/ra223-2014/Galaga/battle_city_design/implementation/battle_city_io_periph_wrapper.ngc 1495627238
C:/materija/ra223-2014/Galaga/battle_city_design/implementation/battle_city_proc_sys_reset_0_wrapper.ngc 1495627149
C:/materija/ra223-2014/Galaga/battle_city_design/implementation/battle_city_clock_generator_0_wrapper.ngc 1495627252
C:/materija/ra223-2014/Galaga/battle_city_design/implementation/battle_city_battle_city_periph_0_wrapper.ngc 1495627232
C:/materija/ra223-2014/Galaga/battle_city_design/implementation/battle_city_microblaze_0_ilmb_wrapper.ngc 1495627244
C:/materija/ra223-2014/Galaga/battle_city_design/implementation/battle_city_microblaze_0_dlmb_wrapper.ngc 1495627246
C:/materija/ra223-2014/Galaga/battle_city_design/implementation/battle_city_axi4lite_0_wrapper.ngc 1495627254
C:/materija/ra223-2014/Galaga/battle_city_design/implementation/battle_city_microblaze_0_wrapper.ngc 1495627249
C:/materija/ra223-2014/Galaga/battle_city_design/implementation/battle_city_microblaze_0_i_bram_ctrl_wrapper.ngc 1495627158
C:/materija/ra223-2014/Galaga/battle_city_design/implementation/battle_city_microblaze_0_d_bram_ctrl_wrapper.ngc 1495627166
C:/materija/ra223-2014/Galaga/battle_city_design/implementation/battle_city_debug_module_wrapper.ngc 1495627205
C:/materija/ra223-2014/Galaga/battle_city_design/implementation/battle_city_microblaze_0_bram_block_wrapper.ngc 1495627172
OK
