D:\ra20-2014\Galaga\battle_city_design\implementation\battle_city.ngc 1495632525
D:/ra20-2014/Galaga/battle_city_design/implementation/battle_city_io_periph_wrapper.ngc 1495632496
D:/ra20-2014/Galaga/battle_city_design/implementation/battle_city_proc_sys_reset_0_wrapper.ngc 1495632409
D:/ra20-2014/Galaga/battle_city_design/implementation/battle_city_clock_generator_0_wrapper.ngc 1495632508
D:/ra20-2014/Galaga/battle_city_design/implementation/battle_city_battle_city_periph_0_wrapper.ngc 1495632490
D:/ra20-2014/Galaga/battle_city_design/implementation/battle_city_microblaze_0_ilmb_wrapper.ngc 1495632501
D:/ra20-2014/Galaga/battle_city_design/implementation/battle_city_microblaze_0_dlmb_wrapper.ngc 1495632503
D:/ra20-2014/Galaga/battle_city_design/implementation/battle_city_axi4lite_0_wrapper.ngc 1495632511
D:/ra20-2014/Galaga/battle_city_design/implementation/battle_city_microblaze_0_wrapper.ngc 1495632506
D:/ra20-2014/Galaga/battle_city_design/implementation/battle_city_microblaze_0_i_bram_ctrl_wrapper.ngc 1495632418
D:/ra20-2014/Galaga/battle_city_design/implementation/battle_city_microblaze_0_d_bram_ctrl_wrapper.ngc 1495632426
D:/ra20-2014/Galaga/battle_city_design/implementation/battle_city_debug_module_wrapper.ngc 1495632463
D:/ra20-2014/Galaga/battle_city_design/implementation/battle_city_microblaze_0_bram_block_wrapper.ngc 1495632432
OK
